
> um-study-frontend@0.1.0 dev
> vite


  VITE v5.4.21  ready in 159 ms

  ➜  Local:   http://localhost:5173/
  ➜  Network: use --host to expose
2:08:51 AM [vite] hmr update /src/pages/Login.tsx
2:19:27 AM [vite] hmr update /src/pages/Login.tsx
2:19:32 AM [vite] hmr update /src/pages/Login.tsx, /src/pages/WeekPicker.tsx, /src/pages/CoursePicker.tsx, /src/pages/Settings.tsx, /src/pages/FileList.tsx, /src/components/Shell.tsx
2:19:40 AM [vite] hmr update /src/pages/Login.tsx, /src/pages/WeekPicker.tsx, /src/pages/CoursePicker.tsx, /src/pages/Settings.tsx, /src/pages/FileList.tsx, /src/components/Shell.tsx
2:31:23 AM [vite] hmr update /src/pages/Login.tsx
2:56:28 PM [vite] hmr update /src/pages/Login.tsx, /src/pages/WeekPicker.tsx, /src/pages/CoursePicker.tsx, /src/pages/Settings.tsx, /src/pages/FileList.tsx, /src/components/Shell.tsx
2:56:45 PM [vite] hmr update /src/pages/Login.tsx, /src/pages/WeekPicker.tsx, /src/pages/CoursePicker.tsx, /src/pages/Settings.tsx, /src/pages/FileList.tsx, /src/components/Shell.tsx
2:56:54 PM [vite] hmr update /src/pages/Login.tsx, /src/pages/WeekPicker.tsx, /src/pages/CoursePicker.tsx, /src/pages/Settings.tsx, /src/pages/FileList.tsx, /src/components/Shell.tsx
2:57:01 PM [vite] hmr update /src/pages/Login.tsx, /src/pages/WeekPicker.tsx, /src/pages/CoursePicker.tsx, /src/pages/Settings.tsx, /src/pages/FileList.tsx, /src/components/Shell.tsx
2:57:20 PM [vite] hmr update /src/pages/FileList.tsx
2:57:49 PM [vite] hmr update /src/pages/WeekPicker.tsx
2:58:15 PM [vite] hmr update /src/styles/global.css
2:58:33 PM [vite] hmr update /src/pages/Login.tsx, /src/pages/WeekPicker.tsx, /src/pages/CoursePicker.tsx, /src/pages/Settings.tsx, /src/pages/FileList.tsx, /src/components/Shell.tsx
3:17:51 PM [vite] hmr update /src/pages/Login.tsx, /src/pages/WeekPicker.tsx, /src/pages/CoursePicker.tsx, /src/pages/Settings.tsx, /src/pages/FileList.tsx, /src/components/Shell.tsx
3:17:56 PM [vite] hmr update /src/pages/Login.tsx, /src/pages/WeekPicker.tsx, /src/pages/CoursePicker.tsx, /src/pages/Settings.tsx, /src/pages/FileList.tsx, /src/components/Shell.tsx
3:18:02 PM [vite] hmr update /src/pages/Login.tsx, /src/pages/WeekPicker.tsx, /src/pages/CoursePicker.tsx, /src/pages/Settings.tsx, /src/pages/FileList.tsx, /src/components/Shell.tsx
3:18:11 PM [vite] hmr update /src/pages/Login.tsx, /src/pages/WeekPicker.tsx, /src/pages/CoursePicker.tsx, /src/pages/Settings.tsx, /src/pages/FileList.tsx, /src/components/Shell.tsx
3:18:23 PM [vite] hmr update /src/pages/WeekPicker.tsx
3:18:32 PM [vite] hmr update /src/pages/WeekPicker.tsx
3:18:40 PM [vite] hmr update /src/pages/WeekPicker.tsx
3:30:30 PM [vite] hmr update /src/pages/Login.tsx, /src/pages/WeekPicker.tsx, /src/pages/CoursePicker.tsx, /src/pages/Settings.tsx, /src/pages/FileList.tsx, /src/components/Shell.tsx
3:30:36 PM [vite] hmr update /src/pages/Login.tsx, /src/pages/WeekPicker.tsx, /src/pages/CoursePicker.tsx, /src/pages/Settings.tsx, /src/pages/FileList.tsx, /src/components/Shell.tsx
3:30:41 PM [vite] hmr update /src/pages/Login.tsx, /src/pages/WeekPicker.tsx, /src/pages/CoursePicker.tsx, /src/pages/Settings.tsx, /src/pages/FileList.tsx, /src/components/Shell.tsx
3:30:52 PM [vite] hmr update /src/pages/Login.tsx, /src/pages/WeekPicker.tsx, /src/pages/CoursePicker.tsx, /src/pages/Settings.tsx, /src/pages/FileList.tsx, /src/components/Shell.tsx
3:31:28 PM [vite] hmr update /src/pages/FileList.tsx
3:31:47 PM [vite] hmr update /src/styles/global.css
3:38:25 PM [vite] hmr update /src/pages/Login.tsx, /src/pages/WeekPicker.tsx, /src/pages/CoursePicker.tsx, /src/pages/Settings.tsx, /src/pages/FileList.tsx, /src/components/Shell.tsx
3:38:32 PM [vite] hmr update /src/pages/Login.tsx, /src/pages/WeekPicker.tsx, /src/pages/CoursePicker.tsx, /src/pages/Settings.tsx, /src/pages/FileList.tsx, /src/components/Shell.tsx
3:38:40 PM [vite] hmr update /src/pages/FileList.tsx
3:38:48 PM [vite] hmr update /src/pages/WeekPicker.tsx
3:39:02 PM [vite] hmr update /src/styles/global.css
3:39:20 PM [vite] hmr update /src/pages/Login.tsx, /src/pages/WeekPicker.tsx, /src/pages/CoursePicker.tsx, /src/pages/Settings.tsx, /src/pages/FileList.tsx, /src/components/Shell.tsx
3:42:04 PM [vite] hmr update /src/pages/FileList.tsx
3:42:10 PM [vite] hmr update /src/pages/FileList.tsx
3:42:18 PM [vite] hmr update /src/pages/FileList.tsx
3:42:23 PM [vite] hmr update /src/pages/FileList.tsx
3:42:34 PM [vite] hmr update /src/pages/WeekPicker.tsx
3:42:40 PM [vite] hmr update /src/pages/WeekPicker.tsx
3:42:48 PM [vite] hmr update /src/pages/WeekPicker.tsx
3:42:54 PM [vite] hmr update /src/pages/WeekPicker.tsx
3:43:08 PM [vite] hmr update /src/styles/global.css
3:46:25 PM [vite] hmr update /src/components/Lightbox.tsx
3:46:48 PM [vite] hmr update /src/styles/global.css
3:53:23 PM [vite] hmr update /src/components/Lightbox.tsx
4:13:20 PM [vite] hmr update /src/pages/Login.tsx, /src/pages/WeekPicker.tsx, /src/pages/CoursePicker.tsx, /src/pages/Settings.tsx, /src/pages/FileList.tsx, /src/components/Shell.tsx
4:13:40 PM [vite] hmr update /src/pages/Login.tsx, /src/pages/WeekPicker.tsx, /src/pages/CoursePicker.tsx, /src/pages/Settings.tsx, /src/pages/FileList.tsx, /src/components/Shell.tsx
4:14:01 PM [vite] hmr update /src/pages/FileList.tsx
4:14:21 PM [vite] hmr update /src/pages/FileList.tsx
4:14:28 PM [vite] hmr update /src/pages/FileList.tsx
4:14:43 PM [vite] hmr update /src/pages/FileList.tsx
4:14:57 PM [vite] hmr update /src/pages/FileList.tsx
4:15:17 PM [vite] hmr update /src/styles/global.css
4:36:12 PM [vite] hmr update /src/pages/Login.tsx, /src/pages/WeekPicker.tsx, /src/pages/CoursePicker.tsx, /src/pages/Settings.tsx, /src/pages/FileList.tsx, /src/components/Shell.tsx
4:36:21 PM [vite] hmr update /src/pages/Login.tsx, /src/pages/WeekPicker.tsx, /src/pages/CoursePicker.tsx, /src/pages/Settings.tsx, /src/pages/FileList.tsx, /src/components/Shell.tsx
4:36:31 PM [vite] hmr update /src/pages/Login.tsx, /src/pages/WeekPicker.tsx, /src/pages/CoursePicker.tsx, /src/pages/Settings.tsx, /src/pages/FileList.tsx, /src/components/Shell.tsx
4:36:44 PM [vite] hmr update /src/pages/FileList.tsx
4:37:12 PM [vite] hmr update /src/styles/global.css
4:52:41 PM [vite] hmr update /src/pages/Login.tsx, /src/pages/WeekPicker.tsx, /src/pages/CoursePicker.tsx, /src/pages/Settings.tsx, /src/pages/FileList.tsx, /src/components/Shell.tsx
4:52:54 PM [vite] hmr update /src/pages/Login.tsx, /src/pages/WeekPicker.tsx, /src/pages/CoursePicker.tsx, /src/pages/Settings.tsx, /src/pages/FileList.tsx, /src/components/Shell.tsx
4:53:03 PM [vite] hmr update /src/pages/Login.tsx, /src/pages/WeekPicker.tsx, /src/pages/CoursePicker.tsx, /src/pages/Settings.tsx, /src/pages/FileList.tsx, /src/components/Shell.tsx
4:53:19 PM [vite] hmr update /src/pages/FileList.tsx
4:53:30 PM [vite] hmr update /src/styles/global.css
5:04:04 PM [vite] hmr update /src/pages/FileList.tsx
5:20:12 PM [vite] hmr update /src/pages/Login.tsx, /src/pages/WeekPicker.tsx, /src/pages/CoursePicker.tsx, /src/pages/Settings.tsx, /src/pages/FileList.tsx, /src/components/Shell.tsx
5:20:19 PM [vite] hmr update /src/pages/Login.tsx, /src/pages/WeekPicker.tsx, /src/pages/CoursePicker.tsx, /src/pages/Settings.tsx, /src/pages/FileList.tsx, /src/components/Shell.tsx
5:20:26 PM [vite] hmr update /src/pages/Login.tsx, /src/pages/WeekPicker.tsx, /src/pages/CoursePicker.tsx, /src/pages/Settings.tsx, /src/pages/FileList.tsx, /src/components/Shell.tsx
5:20:33 PM [vite] hmr update /src/pages/FileList.tsx
5:20:40 PM [vite] hmr update /src/pages/WeekPicker.tsx
5:20:49 PM [vite] hmr update /src/styles/global.css
6:01:16 PM [vite] hmr update /src/pages/Login.tsx, /src/pages/WeekPicker.tsx, /src/pages/CoursePicker.tsx, /src/pages/Settings.tsx, /src/pages/FileList.tsx, /src/components/Shell.tsx
6:01:22 PM [vite] hmr update /src/pages/Login.tsx, /src/pages/WeekPicker.tsx, /src/pages/CoursePicker.tsx, /src/pages/Settings.tsx, /src/pages/FileList.tsx, /src/components/Shell.tsx
6:01:33 PM [vite] hmr update /src/pages/FileList.tsx
6:01:46 PM [vite] hmr update /src/pages/FileList.tsx
7:06:09 PM [vite] hmr update /src/pages/Login.tsx, /src/pages/WeekPicker.tsx, /src/pages/CoursePicker.tsx, /src/pages/Settings.tsx, /src/pages/FileList.tsx, /src/components/Shell.tsx
7:06:25 PM [vite] hmr update /src/pages/FileList.tsx
7:06:37 PM [vite] hmr update /src/pages/FileList.tsx
7:06:43 PM [vite] hmr update /src/pages/Login.tsx, /src/pages/WeekPicker.tsx, /src/pages/CoursePicker.tsx, /src/pages/Settings.tsx, /src/pages/FileList.tsx, /src/components/Shell.tsx
7:06:47 PM [vite] hmr update /src/pages/Login.tsx, /src/pages/WeekPicker.tsx, /src/pages/CoursePicker.tsx, /src/pages/Settings.tsx, /src/pages/FileList.tsx, /src/components/Shell.tsx
7:06:52 PM [vite] hmr update /src/pages/Login.tsx, /src/pages/WeekPicker.tsx, /src/pages/CoursePicker.tsx, /src/pages/Settings.tsx, /src/pages/FileList.tsx, /src/components/Shell.tsx
7:06:56 PM [vite] hmr update /src/pages/Login.tsx, /src/pages/WeekPicker.tsx, /src/pages/CoursePicker.tsx, /src/pages/Settings.tsx, /src/pages/FileList.tsx, /src/components/Shell.tsx
7:07:04 PM [vite] hmr update /src/pages/Login.tsx, /src/pages/WeekPicker.tsx, /src/pages/CoursePicker.tsx, /src/pages/Settings.tsx, /src/pages/FileList.tsx, /src/components/Shell.tsx
7:09:47 PM [vite] hmr update /src/pages/FileList.tsx
7:17:39 PM [vite] hmr update /src/pages/FileList.tsx
7:34:14 PM [vite] http proxy error: /api/auth/me
AggregateError [ECONNREFUSED]: 
    at internalConnectMultiple (node:net:1142:49)
    at afterConnectMultiple (node:net:1723:7)
7:34:14 PM [vite] http proxy error: /api/auth/me
AggregateError [ECONNREFUSED]: 
    at internalConnectMultiple (node:net:1142:49)
    at afterConnectMultiple (node:net:1723:7)
7:34:14 PM [vite] http proxy error: /api/courses
AggregateError [ECONNREFUSED]: 
    at internalConnectMultiple (node:net:1142:49)
    at afterConnectMultiple (node:net:1723:7)
7:34:14 PM [vite] http proxy error: /api/courses
AggregateError [ECONNREFUSED]: 
    at internalConnectMultiple (node:net:1142:49)
    at afterConnectMultiple (node:net:1723:7)
7:34:16 PM [vite] http proxy error: /api/auth/spectrum-login
AggregateError [ECONNREFUSED]: 
    at internalConnectMultiple (node:net:1142:49)
    at afterConnectMultiple (node:net:1723:7)
7:34:20 PM [vite] http proxy error: /api/auth/spectrum-login
AggregateError [ECONNREFUSED]: 
    at internalConnectMultiple (node:net:1142:49)
    at afterConnectMultiple (node:net:1723:7)
7:34:21 PM [vite] http proxy error: /api/auth/spectrum-login
AggregateError [ECONNREFUSED]: 
    at internalConnectMultiple (node:net:1142:49)
    at afterConnectMultiple (node:net:1723:7)
7:34:21 PM [vite] http proxy error: /api/auth/spectrum-login
AggregateError [ECONNREFUSED]: 
    at internalConnectMultiple (node:net:1142:49)
    at afterConnectMultiple (node:net:1723:7)
7:34:21 PM [vite] http proxy error: /api/auth/spectrum-login
AggregateError [ECONNREFUSED]: 
    at internalConnectMultiple (node:net:1142:49)
    at afterConnectMultiple (node:net:1723:7)
7:59:49 PM [vite] hmr update /src/pages/WeekPicker.tsx
7:59:55 PM [vite] hmr update /src/pages/WeekPicker.tsx
8:00:03 PM [vite] hmr update /src/pages/WeekPicker.tsx
8:00:14 PM [vite] hmr update /src/pages/WeekPicker.tsx
8:00:40 PM [vite] hmr update /src/pages/WeekPicker.tsx
8:00:40 PM [vite] Internal server error: /Users/LYYY/Downloads/Spectrum Info Extractor/frontend/src/pages/WeekPicker.tsx: Missing semicolon. (176:23)

  174 |                           )}
  175 |                         </li>
> 176 |                       ))}
      |                        ^
  177 |                     </ul>
  178 |                   </div>
  179 |                 )}
  Plugin: vite:react-babel
  File: /Users/LYYY/Downloads/Spectrum Info Extractor/frontend/src/pages/WeekPicker.tsx:176:23
  174|                            )}
  175|                          </li>
  176|                        ))}
     |                         ^
  177|                      </ul>
  178|                    </div>
      at constructor (/Users/LYYY/Downloads/Spectrum Info Extractor/frontend/node_modules/@babel/parser/lib/index.js:365:19)
      at TypeScriptParserMixin.raise (/Users/LYYY/Downloads/Spectrum Info Extractor/frontend/node_modules/@babel/parser/lib/index.js:6616:19)
      at TypeScriptParserMixin.semicolon (/Users/LYYY/Downloads/Spectrum Info Extractor/frontend/node_modules/@babel/parser/lib/index.js:6912:10)
      at TypeScriptParserMixin.parseReturnStatement (/Users/LYYY/Downloads/Spectrum Info Extractor/frontend/node_modules/@babel/parser/lib/index.js:13160:12)
      at TypeScriptParserMixin.parseStatementContent (/Users/LYYY/Downloads/Spectrum Info Extractor/frontend/node_modules/@babel/parser/lib/index.js:12815:21)
      at TypeScriptParserMixin.parseStatementContent (/Users/LYYY/Downloads/Spectrum Info Extractor/frontend/node_modules/@babel/parser/lib/index.js:9525:18)
      at TypeScriptParserMixin.parseStatementLike (/Users/LYYY/Downloads/Spectrum Info Extractor/frontend/node_modules/@babel/parser/lib/index.js:12784:17)
      at TypeScriptParserMixin.parseStatementListItem (/Users/LYYY/Downloads/Spectrum Info Extractor/frontend/node_modules/@babel/parser/lib/index.js:12764:17)
      at TypeScriptParserMixin.parseBlockOrModuleBlockBody (/Users/LYYY/Downloads/Spectrum Info Extractor/frontend/node_modules/@babel/parser/lib/index.js:13333:61)
      at TypeScriptParserMixin.parseBlockBody (/Users/LYYY/Downloads/Spectrum Info Extractor/frontend/node_modules/@babel/parser/lib/index.js:13326:10)
      at TypeScriptParserMixin.parseBlock (/Users/LYYY/Downloads/Spectrum Info Extractor/frontend/node_modules/@babel/parser/lib/index.js:13314:10)
      at TypeScriptParserMixin.parseFunctionBody (/Users/LYYY/Downloads/Spectrum Info Extractor/frontend/node_modules/@babel/parser/lib/index.js:12117:24)
      at TypeScriptParserMixin.parseArrowExpression (/Users/LYYY/Downloads/Spectrum Info Extractor/frontend/node_modules/@babel/parser/lib/index.js:12092:10)
      at TypeScriptParserMixin.parseExprAtom (/Users/LYYY/Downloads/Spectrum Info Extractor/frontend/node_modules/@babel/parser/lib/index.js:11455:25)
      at TypeScriptParserMixin.parseExprAtom (/Users/LYYY/Downloads/Spectrum Info Extractor/frontend/node_modules/@babel/parser/lib/index.js:4776:20)
      at TypeScriptParserMixin.parseExprSubscripts (/Users/LYYY/Downloads/Spectrum Info Extractor/frontend/node_modules/@babel/parser/lib/index.js:11098:23)
      at TypeScriptParserMixin.parseUpdate (/Users/LYYY/Downloads/Spectrum Info Extractor/frontend/node_modules/@babel/parser/lib/index.js:11083:21)
      at TypeScriptParserMixin.parseMaybeUnary (/Users/LYYY/Downloads/Spectrum Info Extractor/frontend/node_modules/@babel/parser/lib/index.js:11063:23)
      at TypeScriptParserMixin.parseMaybeUnary (/Users/LYYY/Downloads/Spectrum Info Extractor/frontend/node_modules/@babel/parser/lib/index.js:9854:18)
      at TypeScriptParserMixin.parseMaybeUnaryOrPrivate (/Users/LYYY/Downloads/Spectrum Info Extractor/frontend/node_modules/@babel/parser/lib/index.js:10916:61)
      at TypeScriptParserMixin.parseExprOps (/Users/LYYY/Downloads/Spectrum Info Extractor/frontend/node_modules/@babel/parser/lib/index.js:10921:23)
      at TypeScriptParserMixin.parseMaybeConditional (/Users/LYYY/Downloads/Spectrum Info Extractor/frontend/node_modules/@babel/parser/lib/index.js:10898:23)
      at TypeScriptParserMixin.parseMaybeAssign (/Users/LYYY/Downloads/Spectrum Info Extractor/frontend/node_modules/@babel/parser/lib/index.js:10848:21)
      at TypeScriptParserMixin.parseMaybeAssign (/Users/LYYY/Downloads/Spectrum Info Extractor/frontend/node_modules/@babel/parser/lib/index.js:9803:20)
      at /Users/LYYY/Downloads/Spectrum Info Extractor/frontend/node_modules/@babel/parser/lib/index.js:10817:39
      at TypeScriptParserMixin.allowInAnd (/Users/LYYY/Downloads/Spectrum Info Extractor/frontend/node_modules/@babel/parser/lib/index.js:12443:12)
      at TypeScriptParserMixin.parseMaybeAssignAllowIn (/Users/LYYY/Downloads/Spectrum Info Extractor/frontend/node_modules/@babel/parser/lib/index.js:10817:17)
      at TypeScriptParserMixin.parseMaybeAssignAllowInOrVoidPattern (/Users/LYYY/Downloads/Spectrum Info Extractor/frontend/node_modules/@babel/parser/lib/index.js:12510:17)
      at TypeScriptParserMixin.parseExprListItem (/Users/LYYY/Downloads/Spectrum Info Extractor/frontend/node_modules/@babel/parser/lib/index.js:12192:18)
      at TypeScriptParserMixin.parseCallExpressionArguments (/Users/LYYY/Downloads/Spectrum Info Extractor/frontend/node_modules/@babel/parser/lib/index.js:11269:22)
      at TypeScriptParserMixin.parseCoverCallAndAsyncArrowHead (/Users/LYYY/Downloads/Spectrum Info Extractor/frontend/node_modules/@babel/parser/lib/index.js:11203:29)
      at TypeScriptParserMixin.parseSubscript (/Users/LYYY/Downloads/Spectrum Info Extractor/frontend/node_modules/@babel/parser/lib/index.js:11137:19)
      at TypeScriptParserMixin.parseSubscript (/Users/LYYY/Downloads/Spectrum Info Extractor/frontend/node_modules/@babel/parser/lib/index.js:9289:18)
      at TypeScriptParserMixin.parseSubscripts (/Users/LYYY/Downloads/Spectrum Info Extractor/frontend/node_modules/@babel/parser/lib/index.js:11111:19)
      at TypeScriptParserMixin.parseExprSubscripts (/Users/LYYY/Downloads/Spectrum Info Extractor/frontend/node_modules/@babel/parser/lib/index.js:11102:17)
      at TypeScriptParserMixin.parseUpdate (/Users/LYYY/Downloads/Spectrum Info Extractor/frontend/node_modules/@babel/parser/lib/index.js:11083:21)
      at TypeScriptParserMixin.parseMaybeUnary (/Users/LYYY/Downloads/Spectrum Info Extractor/frontend/node_modules/@babel/parser/lib/index.js:11063:23)
      at TypeScriptParserMixin.parseMaybeUnary (/Users/LYYY/Downloads/Spectrum Info Extractor/frontend/node_modules/@babel/parser/lib/index.js:9854:18)
      at TypeScriptParserMixin.parseMaybeUnaryOrPrivate (/Users/LYYY/Downloads/Spectrum Info Extractor/frontend/node_modules/@babel/parser/lib/index.js:10916:61)
      at TypeScriptParserMixin.parseExprOps (/Users/LYYY/Downloads/Spectrum Info Extractor/frontend/node_modules/@babel/parser/lib/index.js:10921:23)
      at TypeScriptParserMixin.parseMaybeConditional (/Users/LYYY/Downloads/Spectrum Info Extractor/frontend/node_modules/@babel/parser/lib/index.js:10898:23)
      at TypeScriptParserMixin.parseMaybeAssign (/Users/LYYY/Downloads/Spectrum Info Extractor/frontend/node_modules/@babel/parser/lib/index.js:10848:21)
      at TypeScriptParserMixin.parseMaybeAssign (/Users/LYYY/Downloads/Spectrum Info Extractor/frontend/node_modules/@babel/parser/lib/index.js:9803:20)
      at TypeScriptParserMixin.parseExpressionBase (/Users/LYYY/Downloads/Spectrum Info Extractor/frontend/node_modules/@babel/parser/lib/index.js:10801:23)
      at /Users/LYYY/Downloads/Spectrum Info Extractor/frontend/node_modules/@babel/parser/lib/index.js:10797:39
      at TypeScriptParserMixin.allowInAnd (/Users/LYYY/Downloads/Spectrum Info Extractor/frontend/node_modules/@babel/parser/lib/index.js:12443:12)
      at TypeScriptParserMixin.parseExpression (/Users/LYYY/Downloads/Spectrum Info Extractor/frontend/node_modules/@babel/parser/lib/index.js:10797:17)
      at TypeScriptParserMixin.jsxParseExpressionContainer (/Users/LYYY/Downloads/Spectrum Info Extractor/frontend/node_modules/@babel/parser/lib/index.js:4644:31)
      at TypeScriptParserMixin.jsxParseElementAt (/Users/LYYY/Downloads/Spectrum Info Extractor/frontend/node_modules/@babel/parser/lib/index.js:4723:36)
      at TypeScriptParserMixin.jsxParseElementAt (/Users/LYYY/Downloads/Spectrum Info Extractor/frontend/node_modules/@babel/parser/lib/index.js:4710:32)
8:00:52 PM [vite] hmr update /src/pages/WeekPicker.tsx
8:01:13 PM [vite] hmr update /src/pages/FileList.tsx
8:01:19 PM [vite] hmr update /src/pages/FileList.tsx
8:01:29 PM [vite] hmr update /src/pages/FileList.tsx
8:01:29 PM [vite] Internal server error: /Users/LYYY/Downloads/Spectrum Info Extractor/frontend/src/pages/FileList.tsx: Unexpected token (349:0)

  347 |   );
  348 | }
> 349 |
      | ^
  Plugin: vite:react-babel
  File: /Users/LYYY/Downloads/Spectrum Info Extractor/frontend/src/pages/FileList.tsx:349:0
  347|    );
  348|  }
  349|  
     |  ^
      at constructor (/Users/LYYY/Downloads/Spectrum Info Extractor/frontend/node_modules/@babel/parser/lib/index.js:365:19)
      at TypeScriptParserMixin.raise (/Users/LYYY/Downloads/Spectrum Info Extractor/frontend/node_modules/@babel/parser/lib/index.js:6616:19)
      at TypeScriptParserMixin.unexpected (/Users/LYYY/Downloads/Spectrum Info Extractor/frontend/node_modules/@babel/parser/lib/index.js:6636:16)
      at TypeScriptParserMixin.parseExprAtom (/Users/LYYY/Downloads/Spectrum Info Extractor/frontend/node_modules/@babel/parser/lib/index.js:11459:22)
      at TypeScriptParserMixin.parseExprAtom (/Users/LYYY/Downloads/Spectrum Info Extractor/frontend/node_modules/@babel/parser/lib/index.js:4776:20)
      at TypeScriptParserMixin.parseExprSubscripts (/Users/LYYY/Downloads/Spectrum Info Extractor/frontend/node_modules/@babel/parser/lib/index.js:11098:23)
      at TypeScriptParserMixin.parseUpdate (/Users/LYYY/Downloads/Spectrum Info Extractor/frontend/node_modules/@babel/parser/lib/index.js:11083:21)
      at TypeScriptParserMixin.parseMaybeUnary (/Users/LYYY/Downloads/Spectrum Info Extractor/frontend/node_modules/@babel/parser/lib/index.js:11063:23)
      at TypeScriptParserMixin.parseMaybeUnary (/Users/LYYY/Downloads/Spectrum Info Extractor/frontend/node_modules/@babel/parser/lib/index.js:9854:18)
      at TypeScriptParserMixin.parseMaybeUnaryOrPrivate (/Users/LYYY/Downloads/Spectrum Info Extractor/frontend/node_modules/@babel/parser/lib/index.js:10916:61)
      at TypeScriptParserMixin.parseExprOps (/Users/LYYY/Downloads/Spectrum Info Extractor/frontend/node_modules/@babel/parser/lib/index.js:10921:23)
      at TypeScriptParserMixin.parseMaybeConditional (/Users/LYYY/Downloads/Spectrum Info Extractor/frontend/node_modules/@babel/parser/lib/index.js:10898:23)
      at TypeScriptParserMixin.parseMaybeAssign (/Users/LYYY/Downloads/Spectrum Info Extractor/frontend/node_modules/@babel/parser/lib/index.js:10848:21)
      at TypeScriptParserMixin.parseMaybeAssign (/Users/LYYY/Downloads/Spectrum Info Extractor/frontend/node_modules/@babel/parser/lib/index.js:9803:20)
      at TypeScriptParserMixin.parseExpressionBase (/Users/LYYY/Downloads/Spectrum Info Extractor/frontend/node_modules/@babel/parser/lib/index.js:10801:23)
      at /Users/LYYY/Downloads/Spectrum Info Extractor/frontend/node_modules/@babel/parser/lib/index.js:10797:39
      at TypeScriptParserMixin.allowInAnd (/Users/LYYY/Downloads/Spectrum Info Extractor/frontend/node_modules/@babel/parser/lib/index.js:12438:16)
      at TypeScriptParserMixin.parseExpression (/Users/LYYY/Downloads/Spectrum Info Extractor/frontend/node_modules/@babel/parser/lib/index.js:10797:17)
      at TypeScriptParserMixin.parseStatementContent (/Users/LYYY/Downloads/Spectrum Info Extractor/frontend/node_modules/@babel/parser/lib/index.js:12912:23)
      at TypeScriptParserMixin.parseStatementContent (/Users/LYYY/Downloads/Spectrum Info Extractor/frontend/node_modules/@babel/parser/lib/index.js:9525:18)
      at TypeScriptParserMixin.parseStatementLike (/Users/LYYY/Downloads/Spectrum Info Extractor/frontend/node_modules/@babel/parser/lib/index.js:12784:17)
      at TypeScriptParserMixin.parseStatementListItem (/Users/LYYY/Downloads/Spectrum Info Extractor/frontend/node_modules/@babel/parser/lib/index.js:12764:17)
      at TypeScriptParserMixin.parseBlockOrModuleBlockBody (/Users/LYYY/Downloads/Spectrum Info Extractor/frontend/node_modules/@babel/parser/lib/index.js:13333:61)
      at TypeScriptParserMixin.parseBlockBody (/Users/LYYY/Downloads/Spectrum Info Extractor/frontend/node_modules/@babel/parser/lib/index.js:13326:10)
      at TypeScriptParserMixin.parseBlock (/Users/LYYY/Downloads/Spectrum Info Extractor/frontend/node_modules/@babel/parser/lib/index.js:13314:10)
      at TypeScriptParserMixin.parseFunctionBody (/Users/LYYY/Downloads/Spectrum Info Extractor/frontend/node_modules/@babel/parser/lib/index.js:12117:24)
      at TypeScriptParserMixin.parseFunctionBodyAndFinish (/Users/LYYY/Downloads/Spectrum Info Extractor/frontend/node_modules/@babel/parser/lib/index.js:12103:10)
      at TypeScriptParserMixin.parseFunctionBodyAndFinish (/Users/LYYY/Downloads/Spectrum Info Extractor/frontend/node_modules/@babel/parser/lib/index.js:9189:18)
      at /Users/LYYY/Downloads/Spectrum Info Extractor/frontend/node_modules/@babel/parser/lib/index.js:13462:12
      at TypeScriptParserMixin.withSmartMixTopicForbiddingContext (/Users/LYYY/Downloads/Spectrum Info Extractor/frontend/node_modules/@babel/parser/lib/index.js:12420:14)
      at TypeScriptParserMixin.parseFunction (/Users/LYYY/Downloads/Spectrum Info Extractor/frontend/node_modules/@babel/parser/lib/index.js:13461:10)
      at TypeScriptParserMixin.parseExportDefaultExpression (/Users/LYYY/Downloads/Spectrum Info Extractor/frontend/node_modules/@babel/parser/lib/index.js:13924:19)
      at TypeScriptParserMixin.parseExportDefaultExpression (/Users/LYYY/Downloads/Spectrum Info Extractor/frontend/node_modules/@babel/parser/lib/index.js:9419:18)
      at TypeScriptParserMixin.parseExport (/Users/LYYY/Downloads/Spectrum Info Extractor/frontend/node_modules/@babel/parser/lib/index.js:13845:25)
      at TypeScriptParserMixin.parseExport (/Users/LYYY/Downloads/Spectrum Info Extractor/frontend/node_modules/@babel/parser/lib/index.js:9402:20)
      at TypeScriptParserMixin.parseStatementContent (/Users/LYYY/Downloads/Spectrum Info Extractor/frontend/node_modules/@babel/parser/lib/index.js:12895:27)
      at TypeScriptParserMixin.parseStatementContent (/Users/LYYY/Downloads/Spectrum Info Extractor/frontend/node_modules/@babel/parser/lib/index.js:9525:18)
      at TypeScriptParserMixin.parseStatementLike (/Users/LYYY/Downloads/Spectrum Info Extractor/frontend/node_modules/@babel/parser/lib/index.js:12784:17)
      at TypeScriptParserMixin.parseModuleItem (/Users/LYYY/Downloads/Spectrum Info Extractor/frontend/node_modules/@babel/parser/lib/index.js:12761:17)
      at TypeScriptParserMixin.parseBlockOrModuleBlockBody (/Users/LYYY/Downloads/Spectrum Info Extractor/frontend/node_modules/@babel/parser/lib/index.js:13333:36)
      at TypeScriptParserMixin.parseBlockBody (/Users/LYYY/Downloads/Spectrum Info Extractor/frontend/node_modules/@babel/parser/lib/index.js:13326:10)
      at TypeScriptParserMixin.parseProgram (/Users/LYYY/Downloads/Spectrum Info Extractor/frontend/node_modules/@babel/parser/lib/index.js:12639:10)
      at TypeScriptParserMixin.parseTopLevel (/Users/LYYY/Downloads/Spectrum Info Extractor/frontend/node_modules/@babel/parser/lib/index.js:12629:25)
      at TypeScriptParserMixin.parse (/Users/LYYY/Downloads/Spectrum Info Extractor/frontend/node_modules/@babel/parser/lib/index.js:14505:25)
      at TypeScriptParserMixin.parse (/Users/LYYY/Downloads/Spectrum Info Extractor/frontend/node_modules/@babel/parser/lib/index.js:10143:18)
      at parse (/Users/LYYY/Downloads/Spectrum Info Extractor/frontend/node_modules/@babel/parser/lib/index.js:14539:38)
      at parser (/Users/LYYY/Downloads/Spectrum Info Extractor/frontend/node_modules/@babel/core/lib/parser/index.js:41:34)
      at parser.next (<anonymous>)
      at normalizeFile (/Users/LYYY/Downloads/Spectrum Info Extractor/frontend/node_modules/@babel/core/lib/transformation/normalize-file.js:51:37)
      at normalizeFile.next (<anonymous>)
8:01:47 PM [vite] hmr update /src/pages/FileList.tsx
8:06:31 PM [vite] hmr update /src/pages/FileList.tsx
8:06:41 PM [vite] hmr update /src/pages/FileList.tsx
8:06:48 PM [vite] hmr update /src/pages/FileList.tsx
8:06:54 PM [vite] hmr update /src/pages/FileList.tsx
8:07:02 PM [vite] hmr update /src/pages/FileList.tsx
8:18:42 PM [vite] hmr update /src/styles/global.css
8:19:10 PM [vite] hmr update /src/styles/global.css
8:19:22 PM [vite] hmr update /src/pages/CoursePicker.tsx
8:28:55 PM [vite] hmr update /src/styles/global.css
8:29:07 PM [vite] hmr update /src/pages/WeekPicker.tsx
8:35:54 PM [vite] hmr update /src/pages/FileList.tsx
8:36:04 PM [vite] hmr update /src/pages/FileList.tsx
8:41:55 PM [vite] hmr update /src/pages/WeekPicker.tsx
8:42:10 PM [vite] hmr update /src/pages/WeekPicker.tsx
8:42:18 PM [vite] hmr update /src/pages/WeekPicker.tsx
8:42:26 PM [vite] hmr update /src/pages/WeekPicker.tsx
8:42:41 PM [vite] hmr update /src/pages/WeekPicker.tsx
9:50:50 PM [vite] hmr update /src/pages/FileList.tsx
9:50:59 PM [vite] hmr update /src/pages/FileList.tsx
9:51:06 PM [vite] hmr update /src/pages/FileList.tsx
9:51:15 PM [vite] hmr update /src/pages/FileList.tsx
9:51:28 PM [vite] hmr update /src/pages/FileList.tsx
10:07:20 PM [vite] hmr update /src/pages/WeekPicker.tsx
10:07:52 PM [vite] hmr update /src/pages/WeekPicker.tsx
10:08:52 PM [vite] hmr update /src/pages/FileList.tsx
10:09:05 PM [vite] hmr update /src/pages/Login.tsx, /src/pages/WeekPicker.tsx, /src/pages/CoursePicker.tsx, /src/pages/Settings.tsx, /src/pages/FileList.tsx, /src/components/Shell.tsx
10:09:52 PM [vite] hmr update /src/pages/FileList.tsx
10:10:39 PM [vite] hmr update /src/pages/FileList.tsx
10:35:52 PM [vite] hmr update /src/App.tsx
10:35:59 PM [vite] hmr update /src/App.tsx
10:36:21 PM [vite] hmr update /src/pages/WeekPicker.tsx
10:56:57 PM [vite] hmr update /src/pages/Login.tsx, /src/pages/WeekPicker.tsx, /src/pages/CoursePicker.tsx, /src/pages/Settings.tsx, /src/pages/FileList.tsx, /src/components/Shell.tsx, /src/pages/UpcomingSubmissions.tsx
10:57:13 PM [vite] hmr update /src/pages/Login.tsx, /src/pages/WeekPicker.tsx, /src/pages/CoursePicker.tsx, /src/pages/Settings.tsx, /src/pages/FileList.tsx, /src/components/Shell.tsx, /src/pages/UpcomingSubmissions.tsx
10:57:19 PM [vite] hmr update /src/pages/Login.tsx, /src/pages/WeekPicker.tsx, /src/pages/CoursePicker.tsx, /src/pages/Settings.tsx, /src/pages/FileList.tsx, /src/components/Shell.tsx, /src/pages/UpcomingSubmissions.tsx
10:57:24 PM [vite] hmr update /src/pages/Login.tsx, /src/pages/WeekPicker.tsx, /src/pages/CoursePicker.tsx, /src/pages/Settings.tsx, /src/pages/FileList.tsx, /src/components/Shell.tsx, /src/pages/UpcomingSubmissions.tsx
10:57:38 PM [vite] hmr update /src/pages/Login.tsx, /src/pages/WeekPicker.tsx, /src/pages/CoursePicker.tsx, /src/pages/Settings.tsx, /src/pages/FileList.tsx, /src/components/Shell.tsx, /src/pages/UpcomingSubmissions.tsx
10:57:49 PM [vite] hmr update /src/pages/FileList.tsx
11:05:20 PM [vite] hmr update /src/pages/FileList.tsx
